deadfrontier2.com
languagetool.org
antstream.com
duck.com
reddit.com
eurobank.gr
alphaecommerce.gr
sourceforge.net
warframe.com
wish.com
battle.net
nvidia.com
heroesandgenerals.com
google.com
deviantart.com
codelathe.com
paypal.com
gitkraken.com
youtube.com
filecloud.com
pcloud.com
intercom-mail.com
windscribe.com
tunnelbear.com
authy.com
crypto.com
email.gog.com
mega.nz
realvnc.com
crypticstudios.com
ebay.com
perfectworld.com
rebrandly.com
hak5.org
skroutz.gr
bestprice.gr
facebookmail.com
duckduckgo.com
wordpress.com
spotify.com
noip.com
steampowered.com
epicgames.com
eneba.com
revolut.com
cloudflare.com
discord.com
amazon.com
amazon.com.tr
ea.com
curve.com
twitch.tv
asuswebstorage.com
marketplace.aws
boosty.to
wargaming.net
hrkgame.com
igg.com
eurobank-communication.gr
ubisoft.com
patreon.com
anydesk.com
buymeacoffee.com
metaquestmail.com
gamsgo.com
viber.com
wemod.com
707accounts.com
ronesansmarkt.com
stripe.com
itch.io
activision.com
kinguin.net
cryptopay.me
hybrid-analysis.com
sidequestvr.com
soundhound.com
vspatial.com
amazon.co.uk
oculus.com
legacygames.com
on-mail.ru
privacy.com
riotgames.com
royalcdkeys.com
termius.com
