africa4e27c@outlook.com
aguntijo1976@web.de
akdermiddfoot1984@web.de
algisensaa1977@web.de
alyp5copsey@outlook.com
amscorehsteep1979@web.de
anishaballsmsdo@hotmail.com
aqulinif@gmail.com
arenonyp1972@web.de
arliekml@hotmail.com
ashatomko4yws@hotmail.com
atabomeg@gmail.com
aterefex1970@web.de
ayqofeyup@gmail.com
azucenave05i@hotmail.com
bankpandlama1970@web.de
barbarjawya@hotmail.com
bdoyen99@gmail.com
be2htuagro@hotmail.com
bernaf5d@hotmail.com
bivansoundmit1980@web.de
blacheskarmob1@outlook.com
bobbivafi@outlook.fr
buffydt2mogel@hotmail.com
buhabsig@gmail.com
cafettigpe32@hotmail.com
calaisragnhild@gmail.com
capptorrostbeck1983@web.de
cenawiq@gmail.com
chandaper1l@hotmail.com
chanelmccreayfyq@hotmail.com
chericee1kl@hotmail.com
cherisepulwgq0@hotmail.com
cihulmot@gmail.com
cimarpare1985@web.de
clabilderos@hotmail.com
clevoresid1971@web.de
cocerkoy@gmail.com
conneralml7@hotmail.com
contact@faroactal.online
coreymxdos@outlook.es
corinnepeve4m@hotmail.com
cowilleshlq@outlook.com.au
cupayvev@gmail.com
cuzxigohi@gmail.com
daliagl5nro@hotmail.com
damian4sc@hotmail.com
dangezigu@gmail.com
dangvanquoc2001@gmail.com
darinlaity8n@outlook.com
daw1scawein@outlook.fr
deannelamedar4@hotmail.com
debahwalker9763686@gmail.com
demad@graph-architects.com
denefloerg7u2@hotmail.com
dennabrussf3d@hotmail.com
dettakotter0c@outlook.com
dezakzej@gmail.com
dgtlkezele@outlook.com
dorcasnkabby@outlook.com.br
duanebielakjkf@hotmail.com
duxobep@gmail.com
echovukun@gmail.com
ehrhardtmeta@gmail.com
elijaheighmy0l1@outlook.jp
ellaja7qm8@outlook.com.br
elroy2nbhally@hotmail.com
emmet2yreaser@hotmail.com
emnurofap@gmail.com
empsonspabron1dy@outlook.com.ar
envuwazef@gmail.com
epmiximox@gmail.com
eqxomitiv@gmail.com
ethyloguinxls0@hotmail.com
eugenahon4@hotmail.com
ewartschf8q@outlook.fr
ewotucoj@gmail.com
fatimaubqtabian@hotmail.com
fcedunegug@gmail.com
fd9olsp@hotmail.com
felixv1ifd0pb@gmail.com
fesmeluter1985@web.de
fikmefawi@gmail.com
freyacd6smithpu1@gmail.com
from@apexniv.comp
from@sphilog.com
froyfonseca@gmail.com
gagesvpbx@outlook.com
gdbdufoot@gmail.com
ghost9773@gmail.com
gigius1997@gmail.com
gladyrelfp@hotmail.com
glidsollali1981@web.de
globacechwi1985@web.de
greisttlfeussjmi@hotmail.com
gwenythjys@hotmail.com
haileylaakso2v@hotmail.com
heddenbhrardenj@outlook.com
icjisuros@gmail.com
icketpinkarimadrvj@hotmail.com
igiferon@gmail.com
ikubuzog@gmail.com
imahmudibragimov@gmail.com
imvecefup@gmail.com
ingrid0ndic@hotmail.com
iqzigoyif@gmail.com
irelandkiau8@hotmail.com
isidabej@gmail.com
isxizoxum@gmail.com
ivory1zfgoto@hotmail.com
iwciwevah@gmail.com
izwacesim@gmail.com
jacklynbl37@hotmail.com
jacobgagnon973@gmail.com
jaimeee66ma@hotmail.com
Jane_Aktas@web.de
jbejeqiqit@gmail.com
jeanette3hr@hotmail.com
jebwjqtpr@outlook.cl
jeffpammer@gmail.com
jepthawjzhrolins@hotmail.com
Jessica_Sroczynski@web.de
jillian2s3ydor@hotmail.com
joannepeiuryles@hotmail.com
johnna2hjzim@outlook.com
jontyg2emp@hotmail.com
josephgmni@outlook.it
josh79kjklimas@outlook.com
jozpacoda@gmail.com
jumqexini@gmail.com
k4522493@gmail.com
karla1rufch@hotmail.com
karmacarpce8@outlook.com
katheyo5fanti@hotmail.com
kayyasepo@gmail.com
kbamba3a0@hotmail.com
keyshajsrdher@outlook.com
kimballpicld@outlook.fr
kimicheex5yl@hotmail.com
kokijewo@gmail.com
koreyu1hotten@hotmail.com
ksmtks925@gmail.com
kyadabicaq@gmail.com
laciepyl@hotmail.com
lacresha2258wi@hotmail.com
lars.ruehling@mpglu.de
lashauncgxow@hotmail.com
ldoxuboxax@gmail.com
legetoda@gmail.com
lenwaring0g@hotmail.com
leonienocket549@hotmail.com
leoniestormoab@hotmail.com
leoniey7jqg@hotmail.com
letashipezi@hotmail.com
leytonkassel6x@hotmail.com
liarepfassmel1978@web.de
liubotlere1976@web.de
lizowur@gmail.com
lomagobu@gmail.com
luisev3zo@hotmail.com
lukeargudo91@hotmail.com
luongthithuynga1991@gmail.com
luttmermalandrau2v@hotmail.com
lythidiep2201@gmail.com
ma41auokeke@hotmail.com
magalihofm@hotmail.com
magebbia6t3@hotmail.com
maireg24qv@hotmail.com
mamcajofo@gmail.com
manaaq8wrog@hotmail.com
marcanedyuvp@outlook.com.ar
margaretallen7781940@gmail.com
marrjd6guile@hotmail.com
mary@zenomedia.com
maryettaqwha@hotmail.com
marzzupych@outlook.es
masako37ts@hotmail.com
mathewzac3pm1@outlook.com
maximinaaq43los@outlook.de
mbreskoal@hotmail.com
medvedevanona08@gmail.com
melda8zsol@hotmail.com
melisaaskewbhf@hotmail.com
meredithroqyriu@hotmail.com
merrittsxsnm@outlook.de
mickywns@hotmail.com
mizzibarbro@gmail.com
mortimererifr7t@outlook.es
mstonisnu@hotmail.com
nadiyavekoweskies451@gmail.com
nereidamyry@hotmail.com
nerissatufla@hotmail.com
nesaamiri48690@gmail.com
nesscadjheatwper1974@web.de
nguyenduong21011987@gmail.com
nguyentu22111988@gmail.com
nguyentuyen29072004@gmail.com
nhat20121999@gmail.com
nicsg6butsch@hotmail.com
nightoppgudi1976@web.de
niiikojamiil899@gmail.com
ninawelch79@gmail.com
nkr5rovner@hotmail.com
noordbuwitfi1985@web.de
norchauveze1980@web.de
noxonzux@gmail.com
npetito11rj@outlook.com.gr
obefuzus@gmail.com
ogavijas@gmail.com
okrubaxot@gmail.com
omjotevex@gmail.com
oplokopel@gmail.com
oranbutre1988@web.de
orgestkodram535@gmail.com
oshimalygulnacf9@hotmail.com
otzicafac@gmail.com
ovprazlanlunch1970@web.de
pachonglubsack1974@web.de
paucycjapo1978@web.de
pauljohnson6781088@gmail.com
penasobigb1986@web.de
perditatr9di@hotmail.com
pettipasantonetteil5@hotmail.com
pguoek2@hotmail.com
phillisz5c@outlook.com.br
pilarrjic@outlook.es
pj376nagao@hotmail.com
pollyajayicsxj@outlook.com
primoktima1982@web.de
prinheartbacsupp1984@web.de
prokcihostmi1980@web.de
pufuqday@gmail.com
qayugela@gmail.com
qeropoyu@gmail.com
qianano0fm5@hotmail.com
quepartnasga1977@web.de
ratwegeku@gmail.com
rauclogjatu1987@web.de
raynard1fk8w@outlook.com
rd6bogarter@hotmail.com
refsopeta1970@web.de
retaridlerxx75@hotmail.com
retoporo1971@web.de
reynaldagyo@outlook.com
rica23z5buchan@hotmail.com
richardsoncraig385@gmail.com
richendravu5rto@hotmail.com
rithikbeyummadibeyummadi@gmail.com
roaaby1cs3@hotmail.com
ronahade1978@web.de
rpovazukuk@gmail.com
rsajecebiy@gmail.com
ruthparker1406081@gmail.com
sabledu4@hotmail.com
sadeoberer9hsb@outlook.com
SadieMarks@ittv.rs
sajawgel@gmail.com
sales@hightech.com.gr
sandraturner3542011@gmail.com
sawyerlouqczs@outlook.com
scarerransey1982@web.de
senabuq@gmail.com
sentsurmales1986@web.de
shaheistfq@outlook.com
shirlybejarhty@hotmail.com
shylapicartno@outlook.fr
siomapcibe1973@web.de
siotrenchare1987@web.de
sixpowoku@gmail.com
smihiwaduh@gmail.com
soleild4mbp@hotmail.com
soltterspaca1977@web.de
sonoqcic@gmail.com
sponomumim1986@web.de
susanjones1027395@gmail.com
sutartcaro1975@web.de
suzannnbqui@outlook.it
suziealiagad3@hotmail.com
taidiscorick1978@web.de
tamishagvl@hotmail.com
tanjaf01mcbane@hotmail.com
tarasvasin449@gmail.com
taxutpoh@gmail.com
tayna0w2qun@outlook.es
tefomila6@gmail.com
tefufdiv@gmail.com
tenciaterid1974@web.de
tenisha2fd0b@outlook.es
teodoramnka@hotmail.com
teressamohvj@hotmail.com
thadymondug7@hotmail.com
thanhhang1936@gmail.com
theraksxjlar@hotmail.com
thomas77240@wanadoo.fr
tiffaniejbho@outlook.com.br
tinedobirk1987@web.de
tisophet@gmail.com
tofoqef@gmail.com
toshiak0js@hotmail.com
tovawcrussek@hotmail.com
tradosunspor1988@web.de
ingamordvinova781@gmail.com
trewawgerfeldmarietrewagerfeld@gmail.com
trueluckbridgetegr@hotmail.com
trunkidensken1973@web.de
uculogew@gmail.com
dboeselpg@hotmail.com
lesliema64@hotmail.com
michaldtbvm@hotmail.com
daniz9rf@hotmail.com
latina81koslan@hotmail.com
buffyfmcheser@hotmail.com
sharitasrt@hotmail.com
berniececp7h@hotmail.com
marvinschorrd7p0@outlook.com
umefiwah@gmail.com
faithjuarichardson2lj@gmail.com
gisela141971@gmail.com
abrlummis@hotmail.com
marielapadpqb@hotmail.com
usnesopik@gmail.com
cathiuf1lk@hotmail.com
utcezuwoh@gmail.com
uvugosom@gmail.com
wincalkinnmy@hotmail.com
uwjetoleh@gmail.com
valerinax32@hotmail.com
a2mzang@hotmail.com
mayalocket9v@hotmail.com
vanesaweikal8osz@hotmail.com
eleanor54arobertsfxd@gmail.com
hebigy9@hotmail.com
ernestwf5@hotmail.com
vanessafaugg9@hotmail.com
vegoqram@gmail.com
vernonbwsw@hotmail.com
ellasharpewqy@hotmail.com
fgy5deloe@hotmail.com
vetivyit@gmail.com
rgreverwamt@hotmail.com
viagroupincroch1976@web.de
wahesuru@gmail.com
wanettayb8l@hotmail.com
werntzdeborahdk9p@hotmail.com
wiederwaxlaure@gmail.com
wildaspcj@hotmail.com
wilmabrh44@hotmail.com
xexeredi@gmail.com
xuqufuru@gmail.com
xuwbududi@gmail.com
yaniral5lgq@hotmail.com
yansaopg4@hotmail.com
yapucvam@gmail.com
yasnabolani017@gmail.com
yitmefudi@gmail.com
younguwd@outlook.fr
zelda4z9rbu@hotmail.com
zeqcufapi@gmail.com
zivilesolanyi@gmail.com
zojheruwi@gmail.com
zuqupwal@gmail.com
nate7pilati@hotmail.com
zzaxemuyun@gmail.com
jerrid00i@hotmail.com
karliqtkwon@hotmail.com
rituwanetunmineh@gmail.com
rufuschesnokova5698@gmail.com
eulaliay1gmf@outlook.com
tashina79ro@hotmail.com
nidia71richan@hotmail.com
kamalomidi544322@gmail.com
msara6g7@hotmail.com
evseevplato0@gmail.com
loverecovery.12steps30days@gmail.com
dettalannivo@hotmail.com
lehuutho222@gmail.com
anthonypalmer689@gmail.com
kennethrodriguez4252557@gmail.com
adairdronkohd@hotmail.com
lunaoneill800926@gmail.com
kalliekn1tor@hotmail.com
onitanaexqo@hotmail.com
johncarr7635@gmail.com
denishaw0li@outlook.com
tmabindw7@outlook.com
audrey85okl@hotmail.com
dorothyyoung2497849@gmail.com
shweavil75k@outlook.com
charleschuk00@gmail.com
baxterta3v@hotmail.com
lillyruaj@outlook.com
woomermhluriet@hotmail.com
sharonbrown9733303@gmail.com
fidelaziecht3@outlook.com
elizabethwright3257689@gmail.com
lindadavis8986911@gmail.com
togokoq@gmail.com
exeqehib@gmail.com
igikaguv@gmail.com
cuxekaya@gmail.com
bugqoweri@gmail.com
lupeharleyuoe@outlook.com
usidovov@gmail.com
miyrosomi@gmail.com
nhantoiv543@gmail.com
patricias57hk@outlook.com
tadg57@outlook.com
derricks8kni@outlook.com
jaymagauger1vg@outlook.com
cobydosq2@hotmail.com
kerrieboeiwd@hotmail.com
ashtonjordan24328@gmail.com
cainoigido43@gmail.com
lungzymalcomghr@hotmail.com
acsacozed@gmail.com
phelanegneyrak@hotmail.com
boxaqin@gmail.com
xakirohi@gmail.com
hedyreier@gmail.com
hannahblpattersonj3@gmail.com
lanorfasmharetes@gmail.com
abbassvanderahmathzade@gmail.com
nuxosom@gmail.com
medhusvngroomet@hotmail.com
keithanotoma@gmail.com
deanamccureqw@outlook.com
elyubefam@gmail.com
dowetizi@gmail.com
frumppriego2@hotmail.com
armankardann@gmail.com
carmeliai5m@hotmail.com
aturpatylgonabady@gmail.com
datjmfy@gmail.com
shawntadoa4f@hotmail.com
caylaconard4fc@hotmail.com
dillonsxcr@hotmail.com
isabelwallace9675@gmail.com
lohoffiysortojp@hotmail.com
alvennvtodorull@hotmail.com
a240620277@gmail.com
orzellbirkeyr@hotmail.com
savalafeindty@hotmail.com
shakarshasha@gmail.com
kluttsmeachw@hotmail.com
harveynardib@hotmail.com
nayem01784311660@gmail.com
jenisechhuonhwp@hotmail.com
ceciliaguertin56@gmail.com
clintvallesnoe8@outlook.jp
marpullino8@hotmail.com
sshhharronbbroown@gmail.com
abbymaraiay81q@outlook.com
cquavell13@hotmail.com
davispyjoalvia@hotmail.com
jaydenmartin7373@gmail.com















