owdecevon@gmail.com
yuriyartamonov42@gmail.com
jacindabushrehopms@gmail.com
shermansanatwcpbw@gmail.com
burrisbrynnlizhx@gmail.com
danbradfordgskpbxq@gmail.com
hendersonirinagywwo@gmail.com
roachshuundfvr@gmail.com
alikruegerwttasx@gmail.com
remarobersonqcwtrm@gmail.com
carterpinkiedmwkyq@gmail.com
sotocolenehvxrvm@gmail.com
charlesmaishajdvoc@gmail.com
verlenecamachoogzsc@gmail.com
eugenerobleseicjqic@gmail.com
morganshareenrhblc@gmail.com
marleneu2peggy180@hotmail.com
dixonalitarmurdk@gmail.com
marilynmichaelsvvvzu@gmail.com
delphamorsegxhai@gmail.com
churchjonie09@gmail.com
billilebggniw@gmail.com
britttillman6156850@gmail.com
robbisantoszwijo@gmail.com
kristichen986@gmail.com
sudiedejesusnwrfltn@gmail.com
steelerussellmawcyt@gmail.com
lashaunmiddleton@gmail.com
jinadrake4@gmail.com
sudierosales@gmail.com
joiecochran299@gmail.com
muriel2pelizabeth545@hotmail.com
hoovertoshikooleysqw@gmail.com
allisongeorgetta@gmail.com
hewittlanellcnnsem@gmail.com
bernettakidd55@gmail.com
garrettsanda@gmail.com
newmanolivauinnic@gmail.com
howelldenissepaaxonn@gmail.com
rodriguezhyacinthcmqxizd@gmail.com
hansenstacyqiebs@gmail.com
holtchunoljullo@gmail.com
dongrobertsqtayr@gmail.com
richardisabellaqdzhtv@gmail.com
beasleybokmdyglqr@gmail.com
knowlesshaunipmdem@gmail.com
grimesdorathyyzhicqt@gmail.com
farrellieshacpkfb@gmail.com
jensenindiraafcqxk@gmail.com
headsuerirgo@gmail.com
robinsonermelindazydnduz@gmail.com
harrellcorrinnebvsfnh@gmail.com
ramseymorainqruj@gmail.com
howechanelllvvtefb@gmail.com
clivemuhr804@outlook.jp
klinealbertinayfsbbhu@gmail.com
butlerchereacnusmo@gmail.com
moldovanmihai394@gmail.com
snazlimopi2009@outlook.it
liadanscufo2002@outlook.fr
raitogoldper2002@hotmail.com
hurstkayleenrvjovqs@gmail.com
joichiselfka2008@outlook.com
quyenpickettkfgqicj@gmail.com
LisaCasey06171@outlook.com
shennafavela302@outlook.es
ryannigbinosun335@outlook.de
youlandac65vbra@outlook.pt
carlyncastanedalxqbe@gmail.com
centwebgentco2016@outlook.com
janisolomonzlnoinm@gmail.com
jenettedenooyer854@outlook.es
jennetteedge579@outlook.de
daphinemagrone355@outlook.fr
krevisa@umindanao.edu.ph
chanapeake784@outlook.fr
tobieberlinger961@outlook.fr
julianriverakoe@outlook.fr
readlolosi2003@hotmail.com
nozzcomseabi2021@hotmail.com
bobbneappmossbe2012@hotmail.com
serrourunga2013@outlook.com
calboavipup2015@hotmail.com
flitgachentio2015@hotmail.com
tifreatipen2018@hotmail.com
atdjeritap2007@outlook.com
studfibodee2021@outlook.com
erposucgand2005@hotmail.com
raitribsira2012@outlook.com
orgerasu2013@hotmail.com
eclasleapppatch2013@hotmail.com
nazumfynna1@hotmail.com
tirkherdic8@hotmail.com
asadonszabof@hotmail.com
pankitkiozaj@hotmail.com
elgesfozag@hotmail.com
dengunpolleta@hotmail.com
reesasyurav@hotmail.com
koploujkaz@hotmail.com
masumiyonnieh@hotmail.com
blouchsakkarz@hotmail.com
tafarbegazoi@hotmail.com
palaiachagots@hotmail.com
habymetryk@hotmail.com
bayjidergerty@hotmail.com
faijamujia9@hotmail.com
beeneymoodiv@hotmail.com
ue6vjdgbkc8l@outlook.com
celikozdoevk@hotmail.com
jankeetasebz@hotmail.com
u1483ldqr@outlook.com
w3ynhiuot3pj84vb@hotmail.com
mersnigroznyh@hotmail.com
csx1e3lhtg2@hotmail.com
e5qq90seghdtx@outlook.com
g6mp7nhcdbcwhocp@hotmail.com
malzerhett3@hotmail.com
g77b4lhez@outlook.com
rohaldslwanu@hotmail.com
yuonesurute@hotmail.com
ot1j3ec2v@outlook.com
ctpijmjdtbvzj2lq@hotmail.com
palerezek@hotmail.com
oescheuclisz@hotmail.com
tv4sacu8e7xi@outlook.com
cayenmorseyu@hotmail.com
qiisuelyh@hotmail.com
cxcangelabdm@hotmail.com
gtivanessadxq@hotmail.com
